Archive member included to satisfy reference by file (symbol)

c:/program files (x86)/stmicroelectronics/stm32cubeide_1.4.0/stm32cubeide/plugins/com.st.stm32cube.ide.mcu.externaltools.gnu-tools-for-stm32.7-2018-q2-update.win32_1.4.0.202007081208/tools/bin/../lib/gcc/arm-none-eabi/7.3.1/../../../../arm-none-eabi/lib/thumb/v7-m\libc_nano.a(lib_a-exit.o)
                              c:/program files (x86)/stmicroelectronics/stm32cubeide_1.4.0/stm32cubeide/plugins/com.st.stm32cube.ide.mcu.externaltools.gnu-tools-for-stm32.7-2018-q2-update.win32_1.4.0.202007081208/tools/bin/../lib/gcc/arm-none-eabi/7.3.1/../../../../arm-none-eabi/lib/thumb/v7-m/crt0.o (exit)
c:/program files (x86)/stmicroelectronics/stm32cubeide_1.4.0/stm32cubeide/plugins/com.st.stm32cube.ide.mcu.externaltools.gnu-tools-for-stm32.7-2018-q2-update.win32_1.4.0.202007081208/tools/bin/../lib/gcc/arm-none-eabi/7.3.1/../../../../arm-none-eabi/lib/thumb/v7-m\libc_nano.a(lib_a-impure.o)
                              c:/program files (x86)/stmicroelectronics/stm32cubeide_1.4.0/stm32cubeide/plugins/com.st.stm32cube.ide.mcu.externaltools.gnu-tools-for-stm32.7-2018-q2-update.win32_1.4.0.202007081208/tools/bin/../lib/gcc/arm-none-eabi/7.3.1/../../../../arm-none-eabi/lib/thumb/v7-m\libc_nano.a(lib_a-exit.o) (_global_impure_ptr)
c:/program files (x86)/stmicroelectronics/stm32cubeide_1.4.0/stm32cubeide/plugins/com.st.stm32cube.ide.mcu.externaltools.gnu-tools-for-stm32.7-2018-q2-update.win32_1.4.0.202007081208/tools/bin/../lib/gcc/arm-none-eabi/7.3.1/../../../../arm-none-eabi/lib/thumb/v7-m\libc_nano.a(lib_a-init.o)
                              c:/program files (x86)/stmicroelectronics/stm32cubeide_1.4.0/stm32cubeide/plugins/com.st.stm32cube.ide.mcu.externaltools.gnu-tools-for-stm32.7-2018-q2-update.win32_1.4.0.202007081208/tools/bin/../lib/gcc/arm-none-eabi/7.3.1/../../../../arm-none-eabi/lib/thumb/v7-m/crt0.o (__libc_init_array)
c:/program files (x86)/stmicroelectronics/stm32cubeide_1.4.0/stm32cubeide/plugins/com.st.stm32cube.ide.mcu.externaltools.gnu-tools-for-stm32.7-2018-q2-update.win32_1.4.0.202007081208/tools/bin/../lib/gcc/arm-none-eabi/7.3.1/../../../../arm-none-eabi/lib/thumb/v7-m\libc_nano.a(lib_a-memset.o)
                              c:/program files (x86)/stmicroelectronics/stm32cubeide_1.4.0/stm32cubeide/plugins/com.st.stm32cube.ide.mcu.externaltools.gnu-tools-for-stm32.7-2018-q2-update.win32_1.4.0.202007081208/tools/bin/../lib/gcc/arm-none-eabi/7.3.1/../../../../arm-none-eabi/lib/thumb/v7-m/crt0.o (memset)
c:/program files (x86)/stmicroelectronics/stm32cubeide_1.4.0/stm32cubeide/plugins/com.st.stm32cube.ide.mcu.externaltools.gnu-tools-for-stm32.7-2018-q2-update.win32_1.4.0.202007081208/tools/bin/../lib/gcc/arm-none-eabi/7.3.1/../../../../arm-none-eabi/lib/thumb/v7-m\libnosys.a(_exit.o)
                              c:/program files (x86)/stmicroelectronics/stm32cubeide_1.4.0/stm32cubeide/plugins/com.st.stm32cube.ide.mcu.externaltools.gnu-tools-for-stm32.7-2018-q2-update.win32_1.4.0.202007081208/tools/bin/../lib/gcc/arm-none-eabi/7.3.1/../../../../arm-none-eabi/lib/thumb/v7-m\libc_nano.a(lib_a-exit.o) (_exit)

Allocating common symbols
Common symbol       size              file

RCC_F_CPU           0x4               Src/RCC_program.o
RCC_APB1_Frequency  0x4               Src/RCC_program.o
SYSTICK_Frequency   0x4               Src/SYSTICK_program.o
RCC_AHB_Frequency   0x4               Src/RCC_program.o
RCC_APB2_Frequency  0x4               Src/RCC_program.o

Discarded input sections

 .text          0x0000000000000000        0x0 c:/program files (x86)/stmicroelectronics/stm32cubeide_1.4.0/stm32cubeide/plugins/com.st.stm32cube.ide.mcu.externaltools.gnu-tools-for-stm32.7-2018-q2-update.win32_1.4.0.202007081208/tools/bin/../lib/gcc/arm-none-eabi/7.3.1/thumb/v7-m/crti.o
 .data          0x0000000000000000        0x0 c:/program files (x86)/stmicroelectronics/stm32cubeide_1.4.0/stm32cubeide/plugins/com.st.stm32cube.ide.mcu.externaltools.gnu-tools-for-stm32.7-2018-q2-update.win32_1.4.0.202007081208/tools/bin/../lib/gcc/arm-none-eabi/7.3.1/thumb/v7-m/crti.o
 .bss           0x0000000000000000        0x0 c:/program files (x86)/stmicroelectronics/stm32cubeide_1.4.0/stm32cubeide/plugins/com.st.stm32cube.ide.mcu.externaltools.gnu-tools-for-stm32.7-2018-q2-update.win32_1.4.0.202007081208/tools/bin/../lib/gcc/arm-none-eabi/7.3.1/thumb/v7-m/crti.o
 .data          0x0000000000000000        0x4 c:/program files (x86)/stmicroelectronics/stm32cubeide_1.4.0/stm32cubeide/plugins/com.st.stm32cube.ide.mcu.externaltools.gnu-tools-for-stm32.7-2018-q2-update.win32_1.4.0.202007081208/tools/bin/../lib/gcc/arm-none-eabi/7.3.1/thumb/v7-m/crtbegin.o
 .text          0x0000000000000000       0x74 c:/program files (x86)/stmicroelectronics/stm32cubeide_1.4.0/stm32cubeide/plugins/com.st.stm32cube.ide.mcu.externaltools.gnu-tools-for-stm32.7-2018-q2-update.win32_1.4.0.202007081208/tools/bin/../lib/gcc/arm-none-eabi/7.3.1/../../../../arm-none-eabi/lib/thumb/v7-m/crt0.o
 .data          0x0000000000000000        0x0 c:/program files (x86)/stmicroelectronics/stm32cubeide_1.4.0/stm32cubeide/plugins/com.st.stm32cube.ide.mcu.externaltools.gnu-tools-for-stm32.7-2018-q2-update.win32_1.4.0.202007081208/tools/bin/../lib/gcc/arm-none-eabi/7.3.1/../../../../arm-none-eabi/lib/thumb/v7-m/crt0.o
 .bss           0x0000000000000000        0x0 c:/program files (x86)/stmicroelectronics/stm32cubeide_1.4.0/stm32cubeide/plugins/com.st.stm32cube.ide.mcu.externaltools.gnu-tools-for-stm32.7-2018-q2-update.win32_1.4.0.202007081208/tools/bin/../lib/gcc/arm-none-eabi/7.3.1/../../../../arm-none-eabi/lib/thumb/v7-m/crt0.o
 .ARM.extab     0x0000000000000000        0x0 c:/program files (x86)/stmicroelectronics/stm32cubeide_1.4.0/stm32cubeide/plugins/com.st.stm32cube.ide.mcu.externaltools.gnu-tools-for-stm32.7-2018-q2-update.win32_1.4.0.202007081208/tools/bin/../lib/gcc/arm-none-eabi/7.3.1/../../../../arm-none-eabi/lib/thumb/v7-m/crt0.o
 .ARM.exidx     0x0000000000000000        0x8 c:/program files (x86)/stmicroelectronics/stm32cubeide_1.4.0/stm32cubeide/plugins/com.st.stm32cube.ide.mcu.externaltools.gnu-tools-for-stm32.7-2018-q2-update.win32_1.4.0.202007081208/tools/bin/../lib/gcc/arm-none-eabi/7.3.1/../../../../arm-none-eabi/lib/thumb/v7-m/crt0.o
 .ARM.attributes
                0x0000000000000000       0x1b c:/program files (x86)/stmicroelectronics/stm32cubeide_1.4.0/stm32cubeide/plugins/com.st.stm32cube.ide.mcu.externaltools.gnu-tools-for-stm32.7-2018-q2-update.win32_1.4.0.202007081208/tools/bin/../lib/gcc/arm-none-eabi/7.3.1/../../../../arm-none-eabi/lib/thumb/v7-m/crt0.o
 .group         0x0000000000000000        0xc Src/GPIO_program.o
 .group         0x0000000000000000        0xc Src/GPIO_program.o
 .group         0x0000000000000000        0xc Src/GPIO_program.o
 .group         0x0000000000000000        0xc Src/GPIO_program.o
 .text          0x0000000000000000        0x0 Src/GPIO_program.o
 .data          0x0000000000000000        0x0 Src/GPIO_program.o
 .bss           0x0000000000000000        0x0 Src/GPIO_program.o
 .text.MGPIO_u8GetPinValue
                0x0000000000000000       0x84 Src/GPIO_program.o
 .text.MGPIO_voidLockPins
                0x0000000000000000       0x98 Src/GPIO_program.o
 .group         0x0000000000000000        0xc Src/RCC_program.o
 .group         0x0000000000000000        0xc Src/RCC_program.o
 .group         0x0000000000000000        0xc Src/RCC_program.o
 .group         0x0000000000000000        0xc Src/RCC_program.o
 .group         0x0000000000000000        0xc Src/RCC_program.o
 .group         0x0000000000000000        0xc Src/RCC_program.o
 .text          0x0000000000000000        0x0 Src/RCC_program.o
 .data          0x0000000000000000        0x0 Src/RCC_program.o
 .bss           0x0000000000000000        0x0 Src/RCC_program.o
 .text.MRCC_voidConfigurePLL
                0x0000000000000000       0xac Src/RCC_program.o
 .debug_macro   0x0000000000000000      0xa60 Src/RCC_program.o
 .debug_macro   0x0000000000000000       0x40 Src/RCC_program.o
 .debug_macro   0x0000000000000000       0x10 Src/RCC_program.o
 .group         0x0000000000000000        0xc Src/SYSTICK_program.o
 .group         0x0000000000000000        0xc Src/SYSTICK_program.o
 .group         0x0000000000000000        0xc Src/SYSTICK_program.o
 .group         0x0000000000000000        0xc Src/SYSTICK_program.o
 .group         0x0000000000000000        0xc Src/SYSTICK_program.o
 .text          0x0000000000000000        0x0 Src/SYSTICK_program.o
 .data          0x0000000000000000        0x0 Src/SYSTICK_program.o
 .bss           0x0000000000000000        0x0 Src/SYSTICK_program.o
 .text.MSYSTICK_voidSTATUS
                0x0000000000000000       0x28 Src/SYSTICK_program.o
 .text.MSYSTICK_voidPreload
                0x0000000000000000       0x34 Src/SYSTICK_program.o
 .text.MSYSTICK_voidBusyWait
                0x0000000000000000       0x4c Src/SYSTICK_program.o
 .text.MSYSTICK_voidDelay_MS
                0x0000000000000000       0x64 Src/SYSTICK_program.o
 .text.MSYSTICK_voidSetIntervalSingle
                0x0000000000000000       0x68 Src/SYSTICK_program.o
 .text.MSYSTICK_voidStopPeriodicFunction
                0x0000000000000000       0x34 Src/SYSTICK_program.o
 .text.MSYSTICK_u32MS_TO_TICKS
                0x0000000000000000       0x2c Src/SYSTICK_program.o
 .text.MSYSTICK_u32GetRemaniningTime
                0x0000000000000000       0x14 Src/SYSTICK_program.o
 .text.MSYSTICK_u32GetElapsedTime
                0x0000000000000000       0x1c Src/SYSTICK_program.o
 .debug_macro   0x0000000000000000      0xa60 Src/SYSTICK_program.o
 .debug_macro   0x0000000000000000       0x40 Src/SYSTICK_program.o
 .debug_macro   0x0000000000000000       0x10 Src/SYSTICK_program.o
 .group         0x0000000000000000        0xc Src/main.o
 .group         0x0000000000000000        0xc Src/main.o
 .group         0x0000000000000000        0xc Src/main.o
 .group         0x0000000000000000        0xc Src/main.o
 .text          0x0000000000000000        0x0 Src/main.o
 .data          0x0000000000000000        0x0 Src/main.o
 .bss           0x0000000000000000        0x0 Src/main.o
 .debug_macro   0x0000000000000000      0xa60 Src/main.o
 .debug_macro   0x0000000000000000       0x40 Src/main.o
 .debug_macro   0x0000000000000000       0x10 Src/main.o
 .debug_macro   0x0000000000000000       0x1c Src/main.o
 .text          0x0000000000000000       0x14 Startup/startup_stm32f103c8tx.o
 .data          0x0000000000000000        0x0 Startup/startup_stm32f103c8tx.o
 .bss           0x0000000000000000        0x0 Startup/startup_stm32f103c8tx.o
 .text          0x0000000000000000        0x0 c:/program files (x86)/stmicroelectronics/stm32cubeide_1.4.0/stm32cubeide/plugins/com.st.stm32cube.ide.mcu.externaltools.gnu-tools-for-stm32.7-2018-q2-update.win32_1.4.0.202007081208/tools/bin/../lib/gcc/arm-none-eabi/7.3.1/../../../../arm-none-eabi/lib/thumb/v7-m\libc_nano.a(lib_a-exit.o)
 .data          0x0000000000000000        0x0 c:/program files (x86)/stmicroelectronics/stm32cubeide_1.4.0/stm32cubeide/plugins/com.st.stm32cube.ide.mcu.externaltools.gnu-tools-for-stm32.7-2018-q2-update.win32_1.4.0.202007081208/tools/bin/../lib/gcc/arm-none-eabi/7.3.1/../../../../arm-none-eabi/lib/thumb/v7-m\libc_nano.a(lib_a-exit.o)
 .bss           0x0000000000000000        0x0 c:/program files (x86)/stmicroelectronics/stm32cubeide_1.4.0/stm32cubeide/plugins/com.st.stm32cube.ide.mcu.externaltools.gnu-tools-for-stm32.7-2018-q2-update.win32_1.4.0.202007081208/tools/bin/../lib/gcc/arm-none-eabi/7.3.1/../../../../arm-none-eabi/lib/thumb/v7-m\libc_nano.a(lib_a-exit.o)
 .text.exit     0x0000000000000000       0x28 c:/program files (x86)/stmicroelectronics/stm32cubeide_1.4.0/stm32cubeide/plugins/com.st.stm32cube.ide.mcu.externaltools.gnu-tools-for-stm32.7-2018-q2-update.win32_1.4.0.202007081208/tools/bin/../lib/gcc/arm-none-eabi/7.3.1/../../../../arm-none-eabi/lib/thumb/v7-m\libc_nano.a(lib_a-exit.o)
 .debug_frame   0x0000000000000000       0x28 c:/program files (x86)/stmicroelectronics/stm32cubeide_1.4.0/stm32cubeide/plugins/com.st.stm32cube.ide.mcu.externaltools.gnu-tools-for-stm32.7-2018-q2-update.win32_1.4.0.202007081208/tools/bin/../lib/gcc/arm-none-eabi/7.3.1/../../../../arm-none-eabi/lib/thumb/v7-m\libc_nano.a(lib_a-exit.o)
 .ARM.attributes
                0x0000000000000000       0x2d c:/program files (x86)/stmicroelectronics/stm32cubeide_1.4.0/stm32cubeide/plugins/com.st.stm32cube.ide.mcu.externaltools.gnu-tools-for-stm32.7-2018-q2-update.win32_1.4.0.202007081208/tools/bin/../lib/gcc/arm-none-eabi/7.3.1/../../../../arm-none-eabi/lib/thumb/v7-m\libc_nano.a(lib_a-exit.o)
 .text          0x0000000000000000        0x0 c:/program files (x86)/stmicroelectronics/stm32cubeide_1.4.0/stm32cubeide/plugins/com.st.stm32cube.ide.mcu.externaltools.gnu-tools-for-stm32.7-2018-q2-update.win32_1.4.0.202007081208/tools/bin/../lib/gcc/arm-none-eabi/7.3.1/../../../../arm-none-eabi/lib/thumb/v7-m\libc_nano.a(lib_a-impure.o)
 .data          0x0000000000000000        0x0 c:/program files (x86)/stmicroelectronics/stm32cubeide_1.4.0/stm32cubeide/plugins/com.st.stm32cube.ide.mcu.externaltools.gnu-tools-for-stm32.7-2018-q2-update.win32_1.4.0.202007081208/tools/bin/../lib/gcc/arm-none-eabi/7.3.1/../../../../arm-none-eabi/lib/thumb/v7-m\libc_nano.a(lib_a-impure.o)
 .bss           0x0000000000000000        0x0 c:/program files (x86)/stmicroelectronics/stm32cubeide_1.4.0/stm32cubeide/plugins/com.st.stm32cube.ide.mcu.externaltools.gnu-tools-for-stm32.7-2018-q2-update.win32_1.4.0.202007081208/tools/bin/../lib/gcc/arm-none-eabi/7.3.1/../../../../arm-none-eabi/lib/thumb/v7-m\libc_nano.a(lib_a-impure.o)
 .data._impure_ptr
                0x0000000000000000        0x4 c:/program files (x86)/stmicroelectronics/stm32cubeide_1.4.0/stm32cubeide/plugins/com.st.stm32cube.ide.mcu.externaltools.gnu-tools-for-stm32.7-2018-q2-update.win32_1.4.0.202007081208/tools/bin/../lib/gcc/arm-none-eabi/7.3.1/../../../../arm-none-eabi/lib/thumb/v7-m\libc_nano.a(lib_a-impure.o)
 .data.impure_data
                0x0000000000000000       0x60 c:/program files (x86)/stmicroelectronics/stm32cubeide_1.4.0/stm32cubeide/plugins/com.st.stm32cube.ide.mcu.externaltools.gnu-tools-for-stm32.7-2018-q2-update.win32_1.4.0.202007081208/tools/bin/../lib/gcc/arm-none-eabi/7.3.1/../../../../arm-none-eabi/lib/thumb/v7-m\libc_nano.a(lib_a-impure.o)
 .rodata._global_impure_ptr
                0x0000000000000000        0x4 c:/program files (x86)/stmicroelectronics/stm32cubeide_1.4.0/stm32cubeide/plugins/com.st.stm32cube.ide.mcu.externaltools.gnu-tools-for-stm32.7-2018-q2-update.win32_1.4.0.202007081208/tools/bin/../lib/gcc/arm-none-eabi/7.3.1/../../../../arm-none-eabi/lib/thumb/v7-m\libc_nano.a(lib_a-impure.o)
 .ARM.attributes
                0x0000000000000000       0x2d c:/program files (x86)/stmicroelectronics/stm32cubeide_1.4.0/stm32cubeide/plugins/com.st.stm32cube.ide.mcu.externaltools.gnu-tools-for-stm32.7-2018-q2-update.win32_1.4.0.202007081208/tools/bin/../lib/gcc/arm-none-eabi/7.3.1/../../../../arm-none-eabi/lib/thumb/v7-m\libc_nano.a(lib_a-impure.o)
 .text          0x0000000000000000        0x0 c:/program files (x86)/stmicroelectronics/stm32cubeide_1.4.0/stm32cubeide/plugins/com.st.stm32cube.ide.mcu.externaltools.gnu-tools-for-stm32.7-2018-q2-update.win32_1.4.0.202007081208/tools/bin/../lib/gcc/arm-none-eabi/7.3.1/../../../../arm-none-eabi/lib/thumb/v7-m\libc_nano.a(lib_a-init.o)
 .data          0x0000000000000000        0x0 c:/program files (x86)/stmicroelectronics/stm32cubeide_1.4.0/stm32cubeide/plugins/com.st.stm32cube.ide.mcu.externaltools.gnu-tools-for-stm32.7-2018-q2-update.win32_1.4.0.202007081208/tools/bin/../lib/gcc/arm-none-eabi/7.3.1/../../../../arm-none-eabi/lib/thumb/v7-m\libc_nano.a(lib_a-init.o)
 .bss           0x0000000000000000        0x0 c:/program files (x86)/stmicroelectronics/stm32cubeide_1.4.0/stm32cubeide/plugins/com.st.stm32cube.ide.mcu.externaltools.gnu-tools-for-stm32.7-2018-q2-update.win32_1.4.0.202007081208/tools/bin/../lib/gcc/arm-none-eabi/7.3.1/../../../../arm-none-eabi/lib/thumb/v7-m\libc_nano.a(lib_a-init.o)
 .text          0x0000000000000000        0x0 c:/program files (x86)/stmicroelectronics/stm32cubeide_1.4.0/stm32cubeide/plugins/com.st.stm32cube.ide.mcu.externaltools.gnu-tools-for-stm32.7-2018-q2-update.win32_1.4.0.202007081208/tools/bin/../lib/gcc/arm-none-eabi/7.3.1/../../../../arm-none-eabi/lib/thumb/v7-m\libc_nano.a(lib_a-memset.o)
 .data          0x0000000000000000        0x0 c:/program files (x86)/stmicroelectronics/stm32cubeide_1.4.0/stm32cubeide/plugins/com.st.stm32cube.ide.mcu.externaltools.gnu-tools-for-stm32.7-2018-q2-update.win32_1.4.0.202007081208/tools/bin/../lib/gcc/arm-none-eabi/7.3.1/../../../../arm-none-eabi/lib/thumb/v7-m\libc_nano.a(lib_a-memset.o)
 .bss           0x0000000000000000        0x0 c:/program files (x86)/stmicroelectronics/stm32cubeide_1.4.0/stm32cubeide/plugins/com.st.stm32cube.ide.mcu.externaltools.gnu-tools-for-stm32.7-2018-q2-update.win32_1.4.0.202007081208/tools/bin/../lib/gcc/arm-none-eabi/7.3.1/../../../../arm-none-eabi/lib/thumb/v7-m\libc_nano.a(lib_a-memset.o)
 .text.memset   0x0000000000000000       0x10 c:/program files (x86)/stmicroelectronics/stm32cubeide_1.4.0/stm32cubeide/plugins/com.st.stm32cube.ide.mcu.externaltools.gnu-tools-for-stm32.7-2018-q2-update.win32_1.4.0.202007081208/tools/bin/../lib/gcc/arm-none-eabi/7.3.1/../../../../arm-none-eabi/lib/thumb/v7-m\libc_nano.a(lib_a-memset.o)
 .debug_frame   0x0000000000000000       0x20 c:/program files (x86)/stmicroelectronics/stm32cubeide_1.4.0/stm32cubeide/plugins/com.st.stm32cube.ide.mcu.externaltools.gnu-tools-for-stm32.7-2018-q2-update.win32_1.4.0.202007081208/tools/bin/../lib/gcc/arm-none-eabi/7.3.1/../../../../arm-none-eabi/lib/thumb/v7-m\libc_nano.a(lib_a-memset.o)
 .ARM.attributes
                0x0000000000000000       0x2d c:/program files (x86)/stmicroelectronics/stm32cubeide_1.4.0/stm32cubeide/plugins/com.st.stm32cube.ide.mcu.externaltools.gnu-tools-for-stm32.7-2018-q2-update.win32_1.4.0.202007081208/tools/bin/../lib/gcc/arm-none-eabi/7.3.1/../../../../arm-none-eabi/lib/thumb/v7-m\libc_nano.a(lib_a-memset.o)
 .text          0x0000000000000000        0x0 c:/program files (x86)/stmicroelectronics/stm32cubeide_1.4.0/stm32cubeide/plugins/com.st.stm32cube.ide.mcu.externaltools.gnu-tools-for-stm32.7-2018-q2-update.win32_1.4.0.202007081208/tools/bin/../lib/gcc/arm-none-eabi/7.3.1/../../../../arm-none-eabi/lib/thumb/v7-m\libnosys.a(_exit.o)
 .data          0x0000000000000000        0x0 c:/program files (x86)/stmicroelectronics/stm32cubeide_1.4.0/stm32cubeide/plugins/com.st.stm32cube.ide.mcu.externaltools.gnu-tools-for-stm32.7-2018-q2-update.win32_1.4.0.202007081208/tools/bin/../lib/gcc/arm-none-eabi/7.3.1/../../../../arm-none-eabi/lib/thumb/v7-m\libnosys.a(_exit.o)
 .bss           0x0000000000000000        0x0 c:/program files (x86)/stmicroelectronics/stm32cubeide_1.4.0/stm32cubeide/plugins/com.st.stm32cube.ide.mcu.externaltools.gnu-tools-for-stm32.7-2018-q2-update.win32_1.4.0.202007081208/tools/bin/../lib/gcc/arm-none-eabi/7.3.1/../../../../arm-none-eabi/lib/thumb/v7-m\libnosys.a(_exit.o)
 .text._exit    0x0000000000000000        0x2 c:/program files (x86)/stmicroelectronics/stm32cubeide_1.4.0/stm32cubeide/plugins/com.st.stm32cube.ide.mcu.externaltools.gnu-tools-for-stm32.7-2018-q2-update.win32_1.4.0.202007081208/tools/bin/../lib/gcc/arm-none-eabi/7.3.1/../../../../arm-none-eabi/lib/thumb/v7-m\libnosys.a(_exit.o)
 .debug_frame   0x0000000000000000       0x20 c:/program files (x86)/stmicroelectronics/stm32cubeide_1.4.0/stm32cubeide/plugins/com.st.stm32cube.ide.mcu.externaltools.gnu-tools-for-stm32.7-2018-q2-update.win32_1.4.0.202007081208/tools/bin/../lib/gcc/arm-none-eabi/7.3.1/../../../../arm-none-eabi/lib/thumb/v7-m\libnosys.a(_exit.o)
 .ARM.attributes
                0x0000000000000000       0x2d c:/program files (x86)/stmicroelectronics/stm32cubeide_1.4.0/stm32cubeide/plugins/com.st.stm32cube.ide.mcu.externaltools.gnu-tools-for-stm32.7-2018-q2-update.win32_1.4.0.202007081208/tools/bin/../lib/gcc/arm-none-eabi/7.3.1/../../../../arm-none-eabi/lib/thumb/v7-m\libnosys.a(_exit.o)
 .text          0x0000000000000000        0x0 c:/program files (x86)/stmicroelectronics/stm32cubeide_1.4.0/stm32cubeide/plugins/com.st.stm32cube.ide.mcu.externaltools.gnu-tools-for-stm32.7-2018-q2-update.win32_1.4.0.202007081208/tools/bin/../lib/gcc/arm-none-eabi/7.3.1/thumb/v7-m/crtend.o
 .data          0x0000000000000000        0x0 c:/program files (x86)/stmicroelectronics/stm32cubeide_1.4.0/stm32cubeide/plugins/com.st.stm32cube.ide.mcu.externaltools.gnu-tools-for-stm32.7-2018-q2-update.win32_1.4.0.202007081208/tools/bin/../lib/gcc/arm-none-eabi/7.3.1/thumb/v7-m/crtend.o
 .bss           0x0000000000000000        0x0 c:/program files (x86)/stmicroelectronics/stm32cubeide_1.4.0/stm32cubeide/plugins/com.st.stm32cube.ide.mcu.externaltools.gnu-tools-for-stm32.7-2018-q2-update.win32_1.4.0.202007081208/tools/bin/../lib/gcc/arm-none-eabi/7.3.1/thumb/v7-m/crtend.o
 .eh_frame      0x0000000000000000        0x4 c:/program files (x86)/stmicroelectronics/stm32cubeide_1.4.0/stm32cubeide/plugins/com.st.stm32cube.ide.mcu.externaltools.gnu-tools-for-stm32.7-2018-q2-update.win32_1.4.0.202007081208/tools/bin/../lib/gcc/arm-none-eabi/7.3.1/thumb/v7-m/crtend.o
 .ARM.attributes
                0x0000000000000000       0x2d c:/program files (x86)/stmicroelectronics/stm32cubeide_1.4.0/stm32cubeide/plugins/com.st.stm32cube.ide.mcu.externaltools.gnu-tools-for-stm32.7-2018-q2-update.win32_1.4.0.202007081208/tools/bin/../lib/gcc/arm-none-eabi/7.3.1/thumb/v7-m/crtend.o
 .text          0x0000000000000000        0x0 c:/program files (x86)/stmicroelectronics/stm32cubeide_1.4.0/stm32cubeide/plugins/com.st.stm32cube.ide.mcu.externaltools.gnu-tools-for-stm32.7-2018-q2-update.win32_1.4.0.202007081208/tools/bin/../lib/gcc/arm-none-eabi/7.3.1/thumb/v7-m/crtn.o
 .data          0x0000000000000000        0x0 c:/program files (x86)/stmicroelectronics/stm32cubeide_1.4.0/stm32cubeide/plugins/com.st.stm32cube.ide.mcu.externaltools.gnu-tools-for-stm32.7-2018-q2-update.win32_1.4.0.202007081208/tools/bin/../lib/gcc/arm-none-eabi/7.3.1/thumb/v7-m/crtn.o
 .bss           0x0000000000000000        0x0 c:/program files (x86)/stmicroelectronics/stm32cubeide_1.4.0/stm32cubeide/plugins/com.st.stm32cube.ide.mcu.externaltools.gnu-tools-for-stm32.7-2018-q2-update.win32_1.4.0.202007081208/tools/bin/../lib/gcc/arm-none-eabi/7.3.1/thumb/v7-m/crtn.o

Memory Configuration

Name             Origin             Length             Attributes
RAM              0x0000000020000000 0x0000000000005000 xrw
ROM              0x0000000008000000 0x0000000000010000 xr
*default*        0x0000000000000000 0xffffffffffffffff

Linker script and memory map

LOAD c:/program files (x86)/stmicroelectronics/stm32cubeide_1.4.0/stm32cubeide/plugins/com.st.stm32cube.ide.mcu.externaltools.gnu-tools-for-stm32.7-2018-q2-update.win32_1.4.0.202007081208/tools/bin/../lib/gcc/arm-none-eabi/7.3.1/thumb/v7-m/crti.o
LOAD c:/program files (x86)/stmicroelectronics/stm32cubeide_1.4.0/stm32cubeide/plugins/com.st.stm32cube.ide.mcu.externaltools.gnu-tools-for-stm32.7-2018-q2-update.win32_1.4.0.202007081208/tools/bin/../lib/gcc/arm-none-eabi/7.3.1/thumb/v7-m/crtbegin.o
LOAD c:/program files (x86)/stmicroelectronics/stm32cubeide_1.4.0/stm32cubeide/plugins/com.st.stm32cube.ide.mcu.externaltools.gnu-tools-for-stm32.7-2018-q2-update.win32_1.4.0.202007081208/tools/bin/../lib/gcc/arm-none-eabi/7.3.1/../../../../arm-none-eabi/lib/thumb/v7-m/crt0.o
LOAD Src/GPIO_program.o
LOAD Src/RCC_program.o
LOAD Src/SYSTICK_program.o
LOAD Src/main.o
LOAD Startup/startup_stm32f103c8tx.o
START GROUP
LOAD c:/program files (x86)/stmicroelectronics/stm32cubeide_1.4.0/stm32cubeide/plugins/com.st.stm32cube.ide.mcu.externaltools.gnu-tools-for-stm32.7-2018-q2-update.win32_1.4.0.202007081208/tools/bin/../lib/gcc/arm-none-eabi/7.3.1/../../../../arm-none-eabi/lib/thumb/v7-m\libc_nano.a
LOAD c:/program files (x86)/stmicroelectronics/stm32cubeide_1.4.0/stm32cubeide/plugins/com.st.stm32cube.ide.mcu.externaltools.gnu-tools-for-stm32.7-2018-q2-update.win32_1.4.0.202007081208/tools/bin/../lib/gcc/arm-none-eabi/7.3.1/../../../../arm-none-eabi/lib/thumb/v7-m\libm.a
END GROUP
START GROUP
LOAD c:/program files (x86)/stmicroelectronics/stm32cubeide_1.4.0/stm32cubeide/plugins/com.st.stm32cube.ide.mcu.externaltools.gnu-tools-for-stm32.7-2018-q2-update.win32_1.4.0.202007081208/tools/bin/../lib/gcc/arm-none-eabi/7.3.1/thumb/v7-m\libgcc.a
LOAD c:/program files (x86)/stmicroelectronics/stm32cubeide_1.4.0/stm32cubeide/plugins/com.st.stm32cube.ide.mcu.externaltools.gnu-tools-for-stm32.7-2018-q2-update.win32_1.4.0.202007081208/tools/bin/../lib/gcc/arm-none-eabi/7.3.1/../../../../arm-none-eabi/lib/thumb/v7-m\libc_nano.a
END GROUP
START GROUP
LOAD c:/program files (x86)/stmicroelectronics/stm32cubeide_1.4.0/stm32cubeide/plugins/com.st.stm32cube.ide.mcu.externaltools.gnu-tools-for-stm32.7-2018-q2-update.win32_1.4.0.202007081208/tools/bin/../lib/gcc/arm-none-eabi/7.3.1/thumb/v7-m\libgcc.a
LOAD c:/program files (x86)/stmicroelectronics/stm32cubeide_1.4.0/stm32cubeide/plugins/com.st.stm32cube.ide.mcu.externaltools.gnu-tools-for-stm32.7-2018-q2-update.win32_1.4.0.202007081208/tools/bin/../lib/gcc/arm-none-eabi/7.3.1/../../../../arm-none-eabi/lib/thumb/v7-m\libc_nano.a
LOAD c:/program files (x86)/stmicroelectronics/stm32cubeide_1.4.0/stm32cubeide/plugins/com.st.stm32cube.ide.mcu.externaltools.gnu-tools-for-stm32.7-2018-q2-update.win32_1.4.0.202007081208/tools/bin/../lib/gcc/arm-none-eabi/7.3.1/../../../../arm-none-eabi/lib/thumb/v7-m\libnosys.a
END GROUP
START GROUP
LOAD c:/program files (x86)/stmicroelectronics/stm32cubeide_1.4.0/stm32cubeide/plugins/com.st.stm32cube.ide.mcu.externaltools.gnu-tools-for-stm32.7-2018-q2-update.win32_1.4.0.202007081208/tools/bin/../lib/gcc/arm-none-eabi/7.3.1/thumb/v7-m\libgcc.a
LOAD c:/program files (x86)/stmicroelectronics/stm32cubeide_1.4.0/stm32cubeide/plugins/com.st.stm32cube.ide.mcu.externaltools.gnu-tools-for-stm32.7-2018-q2-update.win32_1.4.0.202007081208/tools/bin/../lib/gcc/arm-none-eabi/7.3.1/../../../../arm-none-eabi/lib/thumb/v7-m\libc_nano.a
LOAD c:/program files (x86)/stmicroelectronics/stm32cubeide_1.4.0/stm32cubeide/plugins/com.st.stm32cube.ide.mcu.externaltools.gnu-tools-for-stm32.7-2018-q2-update.win32_1.4.0.202007081208/tools/bin/../lib/gcc/arm-none-eabi/7.3.1/../../../../arm-none-eabi/lib/thumb/v7-m\libnosys.a
END GROUP
LOAD c:/program files (x86)/stmicroelectronics/stm32cubeide_1.4.0/stm32cubeide/plugins/com.st.stm32cube.ide.mcu.externaltools.gnu-tools-for-stm32.7-2018-q2-update.win32_1.4.0.202007081208/tools/bin/../lib/gcc/arm-none-eabi/7.3.1/thumb/v7-m/crtend.o
LOAD c:/program files (x86)/stmicroelectronics/stm32cubeide_1.4.0/stm32cubeide/plugins/com.st.stm32cube.ide.mcu.externaltools.gnu-tools-for-stm32.7-2018-q2-update.win32_1.4.0.202007081208/tools/bin/../lib/gcc/arm-none-eabi/7.3.1/thumb/v7-m/crtn.o
                0x0000000020005000                _estack = (ORIGIN (RAM) + LENGTH (RAM))
                0x0000000000000200                _Min_Heap_Size = 0x200
                0x0000000000000400                _Min_Stack_Size = 0x400

.isr_vector     0x0000000008000000      0x130
                0x0000000008000000                . = ALIGN (0x4)
 *(.isr_vector)
 .isr_vector    0x0000000008000000      0x130 Startup/startup_stm32f103c8tx.o
                0x0000000008000000                g_pfnVectors
                0x0000000008000130                . = ALIGN (0x4)

.text           0x0000000008000130      0x6ac
                0x0000000008000130                . = ALIGN (0x4)
 *(.text)
 .text          0x0000000008000130       0x40 c:/program files (x86)/stmicroelectronics/stm32cubeide_1.4.0/stm32cubeide/plugins/com.st.stm32cube.ide.mcu.externaltools.gnu-tools-for-stm32.7-2018-q2-update.win32_1.4.0.202007081208/tools/bin/../lib/gcc/arm-none-eabi/7.3.1/thumb/v7-m/crtbegin.o
 *(.text*)
 .text.MGPIO_voidSetPinDirection
                0x0000000008000170      0x164 Src/GPIO_program.o
                0x0000000008000170                MGPIO_voidSetPinDirection
 .text.MGPIO_voidSetPinValue
                0x00000000080002d4       0xa4 Src/GPIO_program.o
                0x00000000080002d4                MGPIO_voidSetPinValue
 .text.MRCC_voidInit
                0x0000000008000378       0x5c Src/RCC_program.o
                0x0000000008000378                MRCC_voidInit
 .text.MRCC_u8CheckClockSource
                0x00000000080003d4       0x68 Src/RCC_program.o
                0x00000000080003d4                MRCC_u8CheckClockSource
 .text.MRCC_voidSetClockSource
                0x000000000800043c       0x58 Src/RCC_program.o
                0x000000000800043c                MRCC_voidSetClockSource
 .text.MRCC_voidEnableClockSource
                0x0000000008000494       0x44 Src/RCC_program.o
                0x0000000008000494                MRCC_voidEnableClockSource
 .text.MRCC_voidSetBusClocks
                0x00000000080004d8       0x5c Src/RCC_program.o
                0x00000000080004d8                MRCC_voidSetBusClocks
 .text.MRCC_voidSetPeripheralClock
                0x0000000008000534       0x98 Src/RCC_program.o
                0x0000000008000534                MRCC_voidSetPeripheralClock
 .text.MSYSTICK_voidInit
                0x00000000080005cc       0x40 Src/SYSTICK_program.o
                0x00000000080005cc                MSYSTICK_voidInit
 .text.MSYSTICK_voidSetIntervalPeriodic
                0x000000000800060c       0x68 Src/SYSTICK_program.o
                0x000000000800060c                MSYSTICK_voidSetIntervalPeriodic
 .text.SysTick_Handler
                0x0000000008000674       0x48 Src/SYSTICK_program.o
                0x0000000008000674                SysTick_Handler
 .text.ISR      0x00000000080006bc       0x38 Src/main.o
                0x00000000080006bc                ISR
 .text.main     0x00000000080006f4       0x34 Src/main.o
                0x00000000080006f4                main
 .text.Reset_Handler
                0x0000000008000728       0x50 Startup/startup_stm32f103c8tx.o
                0x0000000008000728                Reset_Handler
 .text.Default_Handler
                0x0000000008000778        0x2 Startup/startup_stm32f103c8tx.o
                0x0000000008000778                EXTI2_IRQHandler
                0x0000000008000778                TIM8_TRG_COM_IRQHandler
                0x0000000008000778                TIM8_CC_IRQHandler
                0x0000000008000778                DebugMon_Handler
                0x0000000008000778                TIM1_CC_IRQHandler
                0x0000000008000778                HardFault_Handler
                0x0000000008000778                TIM6_IRQHandler
                0x0000000008000778                PVD_IRQHandler
                0x0000000008000778                SDIO_IRQHandler
                0x0000000008000778                PendSV_Handler
                0x0000000008000778                NMI_Handler
                0x0000000008000778                EXTI3_IRQHandler
                0x0000000008000778                USB_HP_CAN_TX_IRQHandler
                0x0000000008000778                EXTI0_IRQHandler
                0x0000000008000778                I2C2_EV_IRQHandler
                0x0000000008000778                UsageFault_Handler
                0x0000000008000778                ADC1_2_IRQHandler
                0x0000000008000778                SPI1_IRQHandler
                0x0000000008000778                CAN_SCE_IRQHandler
                0x0000000008000778                TAMPER_IRQHandler
                0x0000000008000778                TIM8_UP_IRQHandler
                0x0000000008000778                DMA2_Channel2_IRQHandler
                0x0000000008000778                DMA1_Channel4_IRQHandler
                0x0000000008000778                USART3_IRQHandler
                0x0000000008000778                RTC_IRQHandler
                0x0000000008000778                DMA1_Channel7_IRQHandler
                0x0000000008000778                UART5_IRQHandler
                0x0000000008000778                ADC3_IRQHandler
                0x0000000008000778                TIM4_IRQHandler
                0x0000000008000778                CAN_RX1_IRQHandler
                0x0000000008000778                DMA2_Channel1_IRQHandler
                0x0000000008000778                I2C1_EV_IRQHandler
                0x0000000008000778                DMA1_Channel6_IRQHandler
                0x0000000008000778                UART4_IRQHandler
                0x0000000008000778                TIM3_IRQHandler
                0x0000000008000778                RCC_IRQHandler
                0x0000000008000778                TIM1_TRG_COM_IRQHandler
                0x0000000008000778                DMA1_Channel1_IRQHandler
                0x0000000008000778                Default_Handler
                0x0000000008000778                EXTI15_10_IRQHandler
                0x0000000008000778                TIM7_IRQHandler
                0x0000000008000778                TIM5_IRQHandler
                0x0000000008000778                EXTI9_5_IRQHandler
                0x0000000008000778                SPI2_IRQHandler
                0x0000000008000778                USB_LP_CAN_RX0_IRQHandler
                0x0000000008000778                MemManage_Handler
                0x0000000008000778                SVC_Handler
                0x0000000008000778                DMA1_Channel5_IRQHandler
                0x0000000008000778                EXTI4_IRQHandler
                0x0000000008000778                DMA1_Channel3_IRQHandler
                0x0000000008000778                FSMC_IRQHandler
                0x0000000008000778                TIM1_UP_IRQHandler
                0x0000000008000778                WWDG_IRQHandler
                0x0000000008000778                TIM2_IRQHandler
                0x0000000008000778                TIM1_BRK_IRQHandler
                0x0000000008000778                EXTI1_IRQHandler
                0x0000000008000778                RTCAlarm_IRQHandler
                0x0000000008000778                DMA2_Channel4_5_IRQHandler
                0x0000000008000778                USART2_IRQHandler
                0x0000000008000778                I2C2_ER_IRQHandler
                0x0000000008000778                DMA1_Channel2_IRQHandler
                0x0000000008000778                TIM8_BRK_IRQHandler
                0x0000000008000778                FLASH_IRQHandler
                0x0000000008000778                BusFault_Handler
                0x0000000008000778                USART1_IRQHandler
                0x0000000008000778                SPI3_IRQHandler
                0x0000000008000778                I2C1_ER_IRQHandler
                0x0000000008000778                DMA2_Channel3_IRQHandler
 *fill*         0x000000000800077a        0x2 
 .text.__libc_init_array
                0x000000000800077c       0x48 c:/program files (x86)/stmicroelectronics/stm32cubeide_1.4.0/stm32cubeide/plugins/com.st.stm32cube.ide.mcu.externaltools.gnu-tools-for-stm32.7-2018-q2-update.win32_1.4.0.202007081208/tools/bin/../lib/gcc/arm-none-eabi/7.3.1/../../../../arm-none-eabi/lib/thumb/v7-m\libc_nano.a(lib_a-init.o)
                0x000000000800077c                __libc_init_array
 *(.glue_7)
 .glue_7        0x00000000080007c4        0x0 linker stubs
 *(.glue_7t)
 .glue_7t       0x00000000080007c4        0x0 linker stubs
 *(.eh_frame)
 .eh_frame      0x00000000080007c4        0x0 c:/program files (x86)/stmicroelectronics/stm32cubeide_1.4.0/stm32cubeide/plugins/com.st.stm32cube.ide.mcu.externaltools.gnu-tools-for-stm32.7-2018-q2-update.win32_1.4.0.202007081208/tools/bin/../lib/gcc/arm-none-eabi/7.3.1/thumb/v7-m/crtbegin.o
 *(.init)
 .init          0x00000000080007c4        0x4 c:/program files (x86)/stmicroelectronics/stm32cubeide_1.4.0/stm32cubeide/plugins/com.st.stm32cube.ide.mcu.externaltools.gnu-tools-for-stm32.7-2018-q2-update.win32_1.4.0.202007081208/tools/bin/../lib/gcc/arm-none-eabi/7.3.1/thumb/v7-m/crti.o
                0x00000000080007c4                _init
 .init          0x00000000080007c8        0x8 c:/program files (x86)/stmicroelectronics/stm32cubeide_1.4.0/stm32cubeide/plugins/com.st.stm32cube.ide.mcu.externaltools.gnu-tools-for-stm32.7-2018-q2-update.win32_1.4.0.202007081208/tools/bin/../lib/gcc/arm-none-eabi/7.3.1/thumb/v7-m/crtn.o
 *(.fini)
 .fini          0x00000000080007d0        0x4 c:/program files (x86)/stmicroelectronics/stm32cubeide_1.4.0/stm32cubeide/plugins/com.st.stm32cube.ide.mcu.externaltools.gnu-tools-for-stm32.7-2018-q2-update.win32_1.4.0.202007081208/tools/bin/../lib/gcc/arm-none-eabi/7.3.1/thumb/v7-m/crti.o
                0x00000000080007d0                _fini
 .fini          0x00000000080007d4        0x8 c:/program files (x86)/stmicroelectronics/stm32cubeide_1.4.0/stm32cubeide/plugins/com.st.stm32cube.ide.mcu.externaltools.gnu-tools-for-stm32.7-2018-q2-update.win32_1.4.0.202007081208/tools/bin/../lib/gcc/arm-none-eabi/7.3.1/thumb/v7-m/crtn.o
                0x00000000080007dc                . = ALIGN (0x4)
                0x00000000080007dc                _etext = .

.vfp11_veneer   0x00000000080007dc        0x0
 .vfp11_veneer  0x00000000080007dc        0x0 linker stubs

.v4_bx          0x00000000080007dc        0x0
 .v4_bx         0x00000000080007dc        0x0 linker stubs

.iplt           0x00000000080007dc        0x0
 .iplt          0x00000000080007dc        0x0 c:/program files (x86)/stmicroelectronics/stm32cubeide_1.4.0/stm32cubeide/plugins/com.st.stm32cube.ide.mcu.externaltools.gnu-tools-for-stm32.7-2018-q2-update.win32_1.4.0.202007081208/tools/bin/../lib/gcc/arm-none-eabi/7.3.1/thumb/v7-m/crtbegin.o

.rel.dyn        0x00000000080007dc        0x0
 .rel.iplt      0x00000000080007dc        0x0 c:/program files (x86)/stmicroelectronics/stm32cubeide_1.4.0/stm32cubeide/plugins/com.st.stm32cube.ide.mcu.externaltools.gnu-tools-for-stm32.7-2018-q2-update.win32_1.4.0.202007081208/tools/bin/../lib/gcc/arm-none-eabi/7.3.1/thumb/v7-m/crtbegin.o

.rodata         0x00000000080007dc        0x0
                0x00000000080007dc                . = ALIGN (0x4)
 *(.rodata)
 *(.rodata*)
                0x00000000080007dc                . = ALIGN (0x4)

.ARM.extab      0x00000000080007dc        0x0
                0x00000000080007dc                . = ALIGN (0x4)
 *(.ARM.extab* .gnu.linkonce.armextab.*)
                0x00000000080007dc                . = ALIGN (0x4)

.ARM            0x00000000080007dc        0x0
                0x00000000080007dc                . = ALIGN (0x4)
                0x00000000080007dc                __exidx_start = .
 *(.ARM.exidx*)
                0x00000000080007dc                __exidx_end = .
                0x00000000080007dc                . = ALIGN (0x4)

.preinit_array  0x00000000080007dc        0x0
                0x00000000080007dc                . = ALIGN (0x4)
                0x00000000080007dc                PROVIDE (__preinit_array_start = .)
 *(.preinit_array*)
                0x00000000080007dc                PROVIDE (__preinit_array_end = .)
                0x00000000080007dc                . = ALIGN (0x4)

.init_array     0x00000000080007dc        0x4
                0x00000000080007dc                . = ALIGN (0x4)
                0x00000000080007dc                PROVIDE (__init_array_start = .)
 *(SORT_BY_NAME(.init_array.*))
 *(.init_array*)
 .init_array    0x00000000080007dc        0x4 c:/program files (x86)/stmicroelectronics/stm32cubeide_1.4.0/stm32cubeide/plugins/com.st.stm32cube.ide.mcu.externaltools.gnu-tools-for-stm32.7-2018-q2-update.win32_1.4.0.202007081208/tools/bin/../lib/gcc/arm-none-eabi/7.3.1/thumb/v7-m/crtbegin.o
                0x00000000080007e0                PROVIDE (__init_array_end = .)
                0x00000000080007e0                . = ALIGN (0x4)

.fini_array     0x00000000080007e0        0x4
                0x00000000080007e0                . = ALIGN (0x4)
                [!provide]                        PROVIDE (__fini_array_start = .)
 *(SORT_BY_NAME(.fini_array.*))
 *(.fini_array*)
 .fini_array    0x00000000080007e0        0x4 c:/program files (x86)/stmicroelectronics/stm32cubeide_1.4.0/stm32cubeide/plugins/com.st.stm32cube.ide.mcu.externaltools.gnu-tools-for-stm32.7-2018-q2-update.win32_1.4.0.202007081208/tools/bin/../lib/gcc/arm-none-eabi/7.3.1/thumb/v7-m/crtbegin.o
                [!provide]                        PROVIDE (__fini_array_end = .)
                0x00000000080007e4                . = ALIGN (0x4)
                0x00000000080007e4                _sidata = LOADADDR (.data)

.data           0x0000000020000000        0x4 load address 0x00000000080007e4
                0x0000000020000000                . = ALIGN (0x4)
                0x0000000020000000                _sdata = .
 *(.data)
 *(.data*)
 .data.x.4229   0x0000000020000000        0x1 Src/main.o
                0x0000000020000004                . = ALIGN (0x4)
 *fill*         0x0000000020000001        0x3 
                0x0000000020000004                _edata = .

.igot.plt       0x0000000020000004        0x0 load address 0x00000000080007e8
 .igot.plt      0x0000000020000004        0x0 c:/program files (x86)/stmicroelectronics/stm32cubeide_1.4.0/stm32cubeide/plugins/com.st.stm32cube.ide.mcu.externaltools.gnu-tools-for-stm32.7-2018-q2-update.win32_1.4.0.202007081208/tools/bin/../lib/gcc/arm-none-eabi/7.3.1/thumb/v7-m/crtbegin.o
                0x0000000020000004                . = ALIGN (0x4)

.bss            0x0000000020000004       0x38 load address 0x00000000080007e8
                0x0000000020000004                _sbss = .
                0x0000000020000004                __bss_start__ = _sbss
 *(.bss)
 .bss           0x0000000020000004       0x1c c:/program files (x86)/stmicroelectronics/stm32cubeide_1.4.0/stm32cubeide/plugins/com.st.stm32cube.ide.mcu.externaltools.gnu-tools-for-stm32.7-2018-q2-update.win32_1.4.0.202007081208/tools/bin/../lib/gcc/arm-none-eabi/7.3.1/thumb/v7-m/crtbegin.o
 *(.bss*)
 .bss.SYSTICK_CALLBACK
                0x0000000020000020        0x4 Src/SYSTICK_program.o
                0x0000000020000020                SYSTICK_CALLBACK
 .bss.SYSTICK_ISR_TYPE_PERIODIC
                0x0000000020000024        0x1 Src/SYSTICK_program.o
                0x0000000020000024                SYSTICK_ISR_TYPE_PERIODIC
 *(COMMON)
 *fill*         0x0000000020000025        0x3 
 COMMON         0x0000000020000028       0x10 Src/RCC_program.o
                0x0000000020000028                RCC_F_CPU
                0x000000002000002c                RCC_APB1_Frequency
                0x0000000020000030                RCC_AHB_Frequency
                0x0000000020000034                RCC_APB2_Frequency
 COMMON         0x0000000020000038        0x4 Src/SYSTICK_program.o
                0x0000000020000038                SYSTICK_Frequency
                0x000000002000003c                . = ALIGN (0x4)
                0x000000002000003c                _ebss = .
                0x000000002000003c                __bss_end__ = _ebss

._user_heap_stack
                0x000000002000003c      0x604 load address 0x00000000080007e8
                0x0000000020000040                . = ALIGN (0x8)
 *fill*         0x000000002000003c        0x4 
                [!provide]                        PROVIDE (end = .)
                [!provide]                        PROVIDE (_end = .)
                0x0000000020000240                . = (. + _Min_Heap_Size)
 *fill*         0x0000000020000040      0x200 
                0x0000000020000640                . = (. + _Min_Stack_Size)
 *fill*         0x0000000020000240      0x400 
                0x0000000020000640                . = ALIGN (0x8)

/DISCARD/
 libc.a(*)
 libm.a(*)
 libgcc.a(*)

.ARM.attributes
                0x0000000000000000       0x29
 *(.ARM.attributes)
 .ARM.attributes
                0x0000000000000000       0x1d c:/program files (x86)/stmicroelectronics/stm32cubeide_1.4.0/stm32cubeide/plugins/com.st.stm32cube.ide.mcu.externaltools.gnu-tools-for-stm32.7-2018-q2-update.win32_1.4.0.202007081208/tools/bin/../lib/gcc/arm-none-eabi/7.3.1/thumb/v7-m/crti.o
 .ARM.attributes
                0x000000000000001d       0x2d c:/program files (x86)/stmicroelectronics/stm32cubeide_1.4.0/stm32cubeide/plugins/com.st.stm32cube.ide.mcu.externaltools.gnu-tools-for-stm32.7-2018-q2-update.win32_1.4.0.202007081208/tools/bin/../lib/gcc/arm-none-eabi/7.3.1/thumb/v7-m/crtbegin.o
 .ARM.attributes
                0x000000000000004a       0x33 Src/GPIO_program.o
 .ARM.attributes
                0x000000000000007d       0x33 Src/RCC_program.o
 .ARM.attributes
                0x00000000000000b0       0x33 Src/SYSTICK_program.o
 .ARM.attributes
                0x00000000000000e3       0x33 Src/main.o
 .ARM.attributes
                0x0000000000000116       0x21 Startup/startup_stm32f103c8tx.o
 .ARM.attributes
                0x0000000000000137       0x2d c:/program files (x86)/stmicroelectronics/stm32cubeide_1.4.0/stm32cubeide/plugins/com.st.stm32cube.ide.mcu.externaltools.gnu-tools-for-stm32.7-2018-q2-update.win32_1.4.0.202007081208/tools/bin/../lib/gcc/arm-none-eabi/7.3.1/../../../../arm-none-eabi/lib/thumb/v7-m\libc_nano.a(lib_a-init.o)
 .ARM.attributes
                0x0000000000000164       0x1d c:/program files (x86)/stmicroelectronics/stm32cubeide_1.4.0/stm32cubeide/plugins/com.st.stm32cube.ide.mcu.externaltools.gnu-tools-for-stm32.7-2018-q2-update.win32_1.4.0.202007081208/tools/bin/../lib/gcc/arm-none-eabi/7.3.1/thumb/v7-m/crtn.o
OUTPUT(SYSTICK.elf elf32-littlearm)

.debug_info     0x0000000000000000      0xb38
 .debug_info    0x0000000000000000      0x2e5 Src/GPIO_program.o
 .debug_info    0x00000000000002e5      0x3dc Src/RCC_program.o
 .debug_info    0x00000000000006c1      0x2cf Src/SYSTICK_program.o
 .debug_info    0x0000000000000990      0x186 Src/main.o
 .debug_info    0x0000000000000b16       0x22 Startup/startup_stm32f103c8tx.o

.debug_abbrev   0x0000000000000000      0x3ec
 .debug_abbrev  0x0000000000000000       0xee Src/GPIO_program.o
 .debug_abbrev  0x00000000000000ee       0xf6 Src/RCC_program.o
 .debug_abbrev  0x00000000000001e4      0x149 Src/SYSTICK_program.o
 .debug_abbrev  0x000000000000032d       0xad Src/main.o
 .debug_abbrev  0x00000000000003da       0x12 Startup/startup_stm32f103c8tx.o

.debug_aranges  0x0000000000000000      0x150
 .debug_aranges
                0x0000000000000000       0x38 Src/GPIO_program.o
 .debug_aranges
                0x0000000000000038       0x50 Src/RCC_program.o
 .debug_aranges
                0x0000000000000088       0x78 Src/SYSTICK_program.o
 .debug_aranges
                0x0000000000000100       0x28 Src/main.o
 .debug_aranges
                0x0000000000000128       0x28 Startup/startup_stm32f103c8tx.o

.debug_ranges   0x0000000000000000      0x108
 .debug_ranges  0x0000000000000000       0x28 Src/GPIO_program.o
 .debug_ranges  0x0000000000000028       0x40 Src/RCC_program.o
 .debug_ranges  0x0000000000000068       0x68 Src/SYSTICK_program.o
 .debug_ranges  0x00000000000000d0       0x18 Src/main.o
 .debug_ranges  0x00000000000000e8       0x20 Startup/startup_stm32f103c8tx.o

.debug_macro    0x0000000000000000      0xd09
 .debug_macro   0x0000000000000000       0x40 Src/GPIO_program.o
 .debug_macro   0x0000000000000040      0xa60 Src/GPIO_program.o
 .debug_macro   0x0000000000000aa0       0x40 Src/GPIO_program.o
 .debug_macro   0x0000000000000ae0       0x10 Src/GPIO_program.o
 .debug_macro   0x0000000000000af0       0x1c Src/GPIO_program.o
 .debug_macro   0x0000000000000b0c       0x3e Src/RCC_program.o
 .debug_macro   0x0000000000000b4a       0x1c Src/RCC_program.o
 .debug_macro   0x0000000000000b66       0x34 Src/RCC_program.o
 .debug_macro   0x0000000000000b9a       0xac Src/RCC_program.o
 .debug_macro   0x0000000000000c46       0x3f Src/SYSTICK_program.o
 .debug_macro   0x0000000000000c85       0x28 Src/SYSTICK_program.o
 .debug_macro   0x0000000000000cad       0x1c Src/SYSTICK_program.o
 .debug_macro   0x0000000000000cc9       0x40 Src/main.o

.debug_line     0x0000000000000000      0x671
 .debug_line    0x0000000000000000      0x169 Src/GPIO_program.o
 .debug_line    0x0000000000000169      0x18f Src/RCC_program.o
 .debug_line    0x00000000000002f8      0x1da Src/SYSTICK_program.o
 .debug_line    0x00000000000004d2      0x11b Src/main.o
 .debug_line    0x00000000000005ed       0x84 Startup/startup_stm32f103c8tx.o

.debug_str      0x0000000000000000     0x3e24
 .debug_str     0x0000000000000000     0x321f Src/GPIO_program.o
                                       0x327f (size before relaxing)
 .debug_str     0x000000000000321f      0x7ee Src/RCC_program.o
                                       0x371d (size before relaxing)
 .debug_str     0x0000000000003a0d      0x3d3 Src/SYSTICK_program.o
                                       0x330d (size before relaxing)
 .debug_str     0x0000000000003de0       0x13 Src/main.o
                                       0x3179 (size before relaxing)
 .debug_str     0x0000000000003df3       0x31 Startup/startup_stm32f103c8tx.o
                                         0x5f (size before relaxing)

.comment        0x0000000000000000       0x7b
 .comment       0x0000000000000000       0x7b Src/GPIO_program.o
                                         0x7c (size before relaxing)
 .comment       0x000000000000007b       0x7c Src/RCC_program.o
 .comment       0x000000000000007b       0x7c Src/SYSTICK_program.o
 .comment       0x000000000000007b       0x7c Src/main.o

.debug_frame    0x0000000000000000      0x408
 .debug_frame   0x0000000000000000       0xb4 Src/GPIO_program.o
 .debug_frame   0x00000000000000b4      0x11c Src/RCC_program.o
 .debug_frame   0x00000000000001d0      0x1c4 Src/SYSTICK_program.o
 .debug_frame   0x0000000000000394       0x48 Src/main.o
 .debug_frame   0x00000000000003dc       0x2c c:/program files (x86)/stmicroelectronics/stm32cubeide_1.4.0/stm32cubeide/plugins/com.st.stm32cube.ide.mcu.externaltools.gnu-tools-for-stm32.7-2018-q2-update.win32_1.4.0.202007081208/tools/bin/../lib/gcc/arm-none-eabi/7.3.1/../../../../arm-none-eabi/lib/thumb/v7-m\libc_nano.a(lib_a-init.o)
