SYSTICK_program.c:21:6:MSYSTICK_voidInit	4	static
SYSTICK_program.c:39:6:MSYSTICK_voidSTATUS	16	static
SYSTICK_program.c:44:6:MSYSTICK_voidPreload	16	static
SYSTICK_program.c:58:6:MSYSTICK_voidBusyWait	16	static
SYSTICK_program.c:75:6:MSYSTICK_voidDelay_MS	16	static
SYSTICK_program.c:100:6:MSYSTICK_voidDelay_uS	16	static
SYSTICK_program.c:125:6:MSYSTICK_voidSetIntervalSingle	16	static
SYSTICK_program.c:151:6:MSYSTICK_voidSetIntervalPeriodic	16	static
SYSTICK_program.c:177:6:MSYSTICK_voidStopPeriodicFunction	4	static
SYSTICK_program.c:190:5:MSYSTICK_u32MS_TO_TICKS	16	static
SYSTICK_program.c:195:6:SysTick_Handler	8	static
SYSTICK_program.c:214:5:MSYSTICK_u32GetRemaniningTime	4	static
SYSTICK_program.c:219:5:MSYSTICK_u32GetElapsedTime	4	static
